mode: set
ajb_gps/api-vehicle/controllers/auth.go:36.100,55.16 6 1
ajb_gps/api-vehicle/controllers/auth.go:55.16,57.3 1 0
ajb_gps/api-vehicle/controllers/auth.go:58.2,58.51 1 1
ajb_gps/api-vehicle/controllers/auth.go:62.56,64.94 2 1
ajb_gps/api-vehicle/controllers/auth.go:64.94,65.54 1 1
ajb_gps/api-vehicle/controllers/auth.go:65.54,67.4 1 0
ajb_gps/api-vehicle/controllers/auth.go:68.3,68.40 1 1
ajb_gps/api-vehicle/controllers/auth.go:70.2,70.16 1 1
ajb_gps/api-vehicle/controllers/auth.go:70.16,72.3 1 1
ajb_gps/api-vehicle/controllers/auth.go:73.2,73.18 1 1
ajb_gps/api-vehicle/controllers/auth.go:73.18,75.3 1 0
ajb_gps/api-vehicle/controllers/auth.go:76.2,76.30 1 1
ajb_gps/api-vehicle/controllers/auth.go:76.30,78.3 1 1
ajb_gps/api-vehicle/controllers/auth.go:79.2,79.20 1 1
ajb_gps/api-vehicle/controllers/auth.go:83.42,85.37 2 1
ajb_gps/api-vehicle/controllers/auth.go:85.37,87.3 1 1
ajb_gps/api-vehicle/controllers/auth.go:88.2,88.25 1 0
ajb_gps/api-vehicle/controllers/auth.go:95.82,122.16 4 0
ajb_gps/api-vehicle/controllers/auth.go:122.16,124.3 1 0
ajb_gps/api-vehicle/controllers/auth.go:125.2,125.29 1 0
ajb_gps/api-vehicle/controllers/auth.go:125.29,127.3 1 0
ajb_gps/api-vehicle/controllers/auth.go:128.2,128.23 1 0
ajb_gps/api-vehicle/controllers/auth.go:128.23,130.3 1 0
ajb_gps/api-vehicle/controllers/auth.go:131.2,131.21 1 0
ajb_gps/api-vehicle/controllers/auth.go:131.21,133.3 1 0
ajb_gps/api-vehicle/controllers/auth.go:134.2,134.21 1 0
ajb_gps/api-vehicle/controllers/auth.go:134.21,136.3 1 0
ajb_gps/api-vehicle/controllers/auth.go:137.2,137.21 1 0
ajb_gps/api-vehicle/controllers/auth.go:137.21,140.3 2 0
ajb_gps/api-vehicle/controllers/auth.go:141.2,141.21 1 0
ajb_gps/api-vehicle/controllers/auth.go:141.21,144.3 2 0
ajb_gps/api-vehicle/controllers/auth.go:145.2,145.15 1 0
ajb_gps/api-vehicle/controllers/auth.go:151.134,156.16 3 0
ajb_gps/api-vehicle/controllers/auth.go:156.16,158.3 1 0
ajb_gps/api-vehicle/controllers/auth.go:159.2,159.16 1 0
ajb_gps/api-vehicle/controllers/auth.go:159.16,161.3 1 0
ajb_gps/api-vehicle/controllers/auth.go:162.2,162.58 1 0
ajb_gps/api-vehicle/controllers/auth.go:166.60,167.43 1 1
ajb_gps/api-vehicle/controllers/auth.go:167.43,169.3 1 1
ajb_gps/api-vehicle/controllers/auth.go:170.2,170.19 1 1
ajb_gps/api-vehicle/controllers/auth.go:174.65,177.16 3 0
ajb_gps/api-vehicle/controllers/auth.go:177.16,179.3 1 0
ajb_gps/api-vehicle/controllers/auth.go:180.2,180.18 1 0
ajb_gps/api-vehicle/controllers/auth.go:180.18,182.40 2 0
ajb_gps/api-vehicle/controllers/auth.go:182.40,185.4 2 0
ajb_gps/api-vehicle/controllers/auth.go:186.3,186.23 1 0
ajb_gps/api-vehicle/controllers/auth.go:188.2,189.35 2 0
ajb_gps/api-vehicle/controllers/auth.go:189.35,191.3 1 0
ajb_gps/api-vehicle/controllers/auth.go:192.2,193.22 2 0
ajb_gps/api-vehicle/controllers/auth.go:193.22,195.3 1 0
ajb_gps/api-vehicle/controllers/auth.go:196.2,196.17 1 0
ajb_gps/api-vehicle/controllers/auth.go:215.79,217.2 1 1
ajb_gps/api-vehicle/controllers/auth.go:219.53,223.38 4 1
ajb_gps/api-vehicle/controllers/auth.go:223.38,226.3 2 1
ajb_gps/api-vehicle/controllers/auth.go:227.2,227.24 1 1
ajb_gps/api-vehicle/controllers/auth.go:230.56,233.63 3 1
ajb_gps/api-vehicle/controllers/auth.go:233.63,236.3 2 1
ajb_gps/api-vehicle/controllers/auth.go:237.2,237.72 1 0
ajb_gps/api-vehicle/controllers/auth.go:240.48,244.2 3 1
ajb_gps/api-vehicle/controllers/auth_login.go:22.39,24.47 2 0
ajb_gps/api-vehicle/controllers/auth_login.go:24.47,27.3 2 0
ajb_gps/api-vehicle/controllers/auth_login.go:28.2,29.43 2 0
ajb_gps/api-vehicle/controllers/auth_login.go:29.43,32.3 2 0
ajb_gps/api-vehicle/controllers/auth_login.go:34.2,35.35 2 0
ajb_gps/api-vehicle/controllers/auth_login.go:35.35,39.3 3 0
ajb_gps/api-vehicle/controllers/auth_login.go:41.2,42.16 2 0
ajb_gps/api-vehicle/controllers/auth_login.go:42.16,43.36 1 0
ajb_gps/api-vehicle/controllers/auth_login.go:43.36,49.4 5 0
ajb_gps/api-vehicle/controllers/auth_login.go:50.3,52.9 3 0
ajb_gps/api-vehicle/controllers/auth_login.go:58.2,63.45 2 0
ajb_gps/api-vehicle/controllers/auth_login.go:63.45,64.37 1 0
ajb_gps/api-vehicle/controllers/auth_login.go:64.37,68.4 3 0
ajb_gps/api-vehicle/controllers/auth_login.go:69.3,70.21 2 0
ajb_gps/api-vehicle/controllers/auth_login.go:71.8,74.30 2 0
ajb_gps/api-vehicle/controllers/auth_login.go:74.30,78.4 3 0
ajb_gps/api-vehicle/controllers/auth_login.go:79.3,82.18 3 0
ajb_gps/api-vehicle/controllers/auth_login.go:82.18,83.38 1 0
ajb_gps/api-vehicle/controllers/auth_login.go:83.38,87.5 3 0
ajb_gps/api-vehicle/controllers/auth_login.go:88.4,90.10 3 0
ajb_gps/api-vehicle/controllers/auth_login.go:93.3,94.29 2 0
ajb_gps/api-vehicle/controllers/auth_login.go:97.2,97.42 1 0
ajb_gps/api-vehicle/controllers/auth_login.go:97.42,101.3 3 0
ajb_gps/api-vehicle/controllers/auth_login.go:104.2,104.61 1 0
ajb_gps/api-vehicle/controllers/auth_login.go:104.61,108.3 3 0
ajb_gps/api-vehicle/controllers/auth_login.go:110.2,110.100 1 0
ajb_gps/api-vehicle/controllers/auth_login.go:110.100,118.3 6 0
ajb_gps/api-vehicle/controllers/auth_login.go:120.2,121.43 2 0
ajb_gps/api-vehicle/controllers/auth_login.go:121.43,123.17 2 0
ajb_gps/api-vehicle/controllers/auth_login.go:123.17,127.4 3 0
ajb_gps/api-vehicle/controllers/auth_login.go:130.2,131.16 2 0
ajb_gps/api-vehicle/controllers/auth_login.go:131.16,135.3 3 0
ajb_gps/api-vehicle/controllers/auth_login.go:137.2,143.36 3 0
ajb_gps/api-vehicle/controllers/auth_login.go:143.36,145.3 1 0
ajb_gps/api-vehicle/controllers/auth_login.go:147.2,159.4 1 0
ajb_gps/api-vehicle/controllers/auth_login.go:164.75,165.13 1 0
ajb_gps/api-vehicle/controllers/auth_login.go:165.13,167.3 1 0
ajb_gps/api-vehicle/controllers/auth_login.go:167.8,169.3 1 0
ajb_gps/api-vehicle/controllers/auth_login.go:170.2,171.13 2 0
ajb_gps/api-vehicle/controllers/auth_login.go:171.13,173.3 1 0
ajb_gps/api-vehicle/controllers/auth_login.go:174.2,182.4 1 0
ajb_gps/api-vehicle/controllers/auth_login.go:191.89,192.33 1 0
ajb_gps/api-vehicle/controllers/auth_login.go:192.33,194.3 1 0
ajb_gps/api-vehicle/controllers/auth_login.go:195.2,199.58 1 0
ajb_gps/api-vehicle/controllers/auth_login.go:199.58,201.3 1 0
ajb_gps/api-vehicle/controllers/auth_token.go:32.43,33.21 1 0
ajb_gps/api-vehicle/controllers/auth_token.go:33.21,35.3 1 0
ajb_gps/api-vehicle/controllers/auth_token.go:36.2,36.17 1 0
ajb_gps/api-vehicle/controllers/auth_token.go:40.22,42.40 2 1
ajb_gps/api-vehicle/controllers/auth_token.go:42.40,44.3 1 0
ajb_gps/api-vehicle/controllers/auth_token.go:45.2,45.30 1 1
ajb_gps/api-vehicle/controllers/auth_token.go:50.154,52.16 2 0
ajb_gps/api-vehicle/controllers/auth_token.go:52.16,54.3 1 0
ajb_gps/api-vehicle/controllers/auth_token.go:55.2,62.17 2 0
ajb_gps/api-vehicle/controllers/auth_token.go:62.17,67.3 2 0
ajb_gps/api-vehicle/controllers/auth_token.go:68.2,68.37 1 0
ajb_gps/api-vehicle/controllers/auth_token.go:76.41,78.92 2 0
ajb_gps/api-vehicle/controllers/auth_token.go:78.92,81.3 2 0
ajb_gps/api-vehicle/controllers/auth_token.go:83.2,86.16 4 0
ajb_gps/api-vehicle/controllers/auth_token.go:86.16,87.48 1 0
ajb_gps/api-vehicle/controllers/auth_token.go:87.48,90.4 2 0
ajb_gps/api-vehicle/controllers/auth_token.go:91.3,93.9 3 0
ajb_gps/api-vehicle/controllers/auth_token.go:96.2,97.16 2 0
ajb_gps/api-vehicle/controllers/auth_token.go:97.16,98.48 1 0
ajb_gps/api-vehicle/controllers/auth_token.go:98.48,101.4 2 0
ajb_gps/api-vehicle/controllers/auth_token.go:102.3,104.9 3 0
ajb_gps/api-vehicle/controllers/auth_token.go:108.2,115.16 3 0
ajb_gps/api-vehicle/controllers/auth_token.go:115.16,119.3 3 0
ajb_gps/api-vehicle/controllers/auth_token.go:121.2,143.4 2 0
ajb_gps/api-vehicle/controllers/auth_token.go:149.40,154.94 4 0
ajb_gps/api-vehicle/controllers/auth_token.go:154.94,155.81 1 0
ajb_gps/api-vehicle/controllers/auth_token.go:155.81,157.4 1 0
ajb_gps/api-vehicle/controllers/auth_token.go:158.3,158.19 1 0
ajb_gps/api-vehicle/controllers/auth_token.go:161.2,161.39 1 0
ajb_gps/api-vehicle/controllers/auth_token.go:161.39,162.85 1 0
ajb_gps/api-vehicle/controllers/auth_token.go:162.85,164.90 2 0
ajb_gps/api-vehicle/controllers/auth_token.go:164.90,168.5 3 0
ajb_gps/api-vehicle/controllers/auth_token.go:169.4,179.20 2 0
ajb_gps/api-vehicle/controllers/auth_token.go:183.2,183.16 1 0
ajb_gps/api-vehicle/controllers/auth_token.go:183.16,186.3 2 0
ajb_gps/api-vehicle/controllers/auth_token.go:187.2,187.64 1 0
ajb_gps/api-vehicle/controllers/base.go:26.104,31.2 4 0
ajb_gps/api-vehicle/controllers/base.go:34.17,35.22 1 0
ajb_gps/api-vehicle/controllers/base.go:35.22,37.3 1 0
ajb_gps/api-vehicle/controllers/base.go:42.49,44.9 2 0
ajb_gps/api-vehicle/controllers/base.go:44.9,46.3 1 0
ajb_gps/api-vehicle/controllers/base.go:47.2,48.22 2 0
ajb_gps/api-vehicle/controllers/base.go:48.22,50.3 1 0
ajb_gps/api-vehicle/controllers/base.go:51.2,51.16 1 0
ajb_gps/api-vehicle/controllers/base.go:57.51,58.41 1 0
ajb_gps/api-vehicle/controllers/base.go:58.41,59.47 1 0
ajb_gps/api-vehicle/controllers/base.go:59.47,61.4 1 0
ajb_gps/api-vehicle/controllers/base.go:63.2,63.21 1 0
ajb_gps/api-vehicle/controllers/base.go:67.25,69.2 1 0
ajb_gps/api-vehicle/controllers/base.go:73.24,74.22 1 0
ajb_gps/api-vehicle/controllers/base.go:74.22,76.3 1 0
ajb_gps/api-vehicle/controllers/base.go:77.2,77.27 1 0
ajb_gps/api-vehicle/controllers/base.go:81.97,83.20 2 1
ajb_gps/api-vehicle/controllers/base.go:83.20,85.3 1 1
ajb_gps/api-vehicle/controllers/base.go:86.2,86.22 1 1
ajb_gps/api-vehicle/controllers/base.go:91.87,93.2 1 1
ajb_gps/api-vehicle/controllers/base.go:96.63,104.2 2 1
ajb_gps/api-vehicle/controllers/base.go:107.37,114.46 5 0
ajb_gps/api-vehicle/controllers/base.go:114.46,117.3 2 0
ajb_gps/api-vehicle/controllers/base.go:117.8,119.3 1 0
ajb_gps/api-vehicle/controllers/base.go:120.2,120.50 1 0
ajb_gps/api-vehicle/controllers/base.go:120.50,122.3 1 0
ajb_gps/api-vehicle/controllers/base.go:122.8,125.3 2 0
ajb_gps/api-vehicle/controllers/base.go:127.2,129.9 3 0
ajb_gps/api-vehicle/controllers/base.go:129.9,132.3 2 0
ajb_gps/api-vehicle/controllers/base.go:133.2,133.22 1 0
ajb_gps/api-vehicle/controllers/base.go:137.40,139.26 2 1
ajb_gps/api-vehicle/controllers/base.go:139.26,140.12 1 1
ajb_gps/api-vehicle/controllers/base.go:140.12,142.4 1 1
ajb_gps/api-vehicle/controllers/base.go:143.3,143.11 1 1
ajb_gps/api-vehicle/controllers/base.go:145.2,145.12 1 1
ajb_gps/api-vehicle/controllers/base.go:153.33,155.25 2 1
ajb_gps/api-vehicle/controllers/base.go:155.25,156.12 1 1
ajb_gps/api-vehicle/controllers/base.go:156.12,158.4 1 1
ajb_gps/api-vehicle/controllers/base.go:159.3,159.11 1 1
ajb_gps/api-vehicle/controllers/base.go:161.2,161.10 1 1
ajb_gps/api-vehicle/controllers/base.go:165.51,167.20 2 1
ajb_gps/api-vehicle/controllers/base.go:167.20,169.3 1 1
ajb_gps/api-vehicle/controllers/base.go:170.2,172.25 3 1
ajb_gps/api-vehicle/controllers/base.go:172.25,174.3 1 1
ajb_gps/api-vehicle/controllers/base.go:175.2,175.13 1 1
ajb_gps/api-vehicle/controllers/base.go:178.31,179.32 1 1
ajb_gps/api-vehicle/controllers/base.go:179.32,180.47 1 1
ajb_gps/api-vehicle/controllers/base.go:180.47,182.4 1 1
ajb_gps/api-vehicle/controllers/base.go:187.40,188.13 1 1
ajb_gps/api-vehicle/controllers/base.go:188.13,190.3 1 1
ajb_gps/api-vehicle/controllers/base.go:191.2,191.10 1 1
ajb_gps/api-vehicle/controllers/base.go:195.44,196.14 1 1
ajb_gps/api-vehicle/controllers/base.go:196.14,198.3 1 1
ajb_gps/api-vehicle/controllers/base.go:199.2,199.11 1 1
ajb_gps/api-vehicle/controllers/base.go:203.42,204.25 1 1
ajb_gps/api-vehicle/controllers/base.go:204.25,206.3 1 1
ajb_gps/api-vehicle/controllers/base.go:207.2,207.11 1 1
ajb_gps/api-vehicle/controllers/base.go:211.47,212.14 1 1
ajb_gps/api-vehicle/controllers/base.go:212.14,214.3 1 1
ajb_gps/api-vehicle/controllers/base.go:215.2,216.12 2 1
ajb_gps/api-vehicle/controllers/base.go:220.48,221.14 1 1
ajb_gps/api-vehicle/controllers/base.go:221.14,223.3 1 1
ajb_gps/api-vehicle/controllers/base.go:224.2,225.11 2 1
ajb_gps/api-vehicle/controllers/base.go:229.45,230.14 1 1
ajb_gps/api-vehicle/controllers/base.go:230.14,232.3 1 1
ajb_gps/api-vehicle/controllers/base.go:233.2,234.11 2 1
ajb_gps/api-vehicle/controllers/base.go:238.46,239.14 1 1
ajb_gps/api-vehicle/controllers/base.go:239.14,241.3 1 1
ajb_gps/api-vehicle/controllers/base.go:242.2,243.11 2 1
ajb_gps/api-vehicle/controllers/base.go:247.50,250.14 3 1
ajb_gps/api-vehicle/controllers/base.go:250.14,252.3 1 1
ajb_gps/api-vehicle/controllers/base.go:253.2,253.30 1 1
ajb_gps/api-vehicle/controllers/base.go:253.30,255.3 1 1
ajb_gps/api-vehicle/controllers/base.go:256.2,256.20 1 1
ajb_gps/api-vehicle/controllers/base.go:259.41,261.13 2 1
ajb_gps/api-vehicle/controllers/base.go:261.13,263.3 1 1
ajb_gps/api-vehicle/controllers/base.go:264.2,264.30 1 1
ajb_gps/api-vehicle/controllers/base.go:264.30,265.31 1 1
ajb_gps/api-vehicle/controllers/base.go:265.31,267.4 1 1
ajb_gps/api-vehicle/controllers/base.go:268.3,268.27 1 1
ajb_gps/api-vehicle/controllers/base.go:270.2,270.24 1 1
ajb_gps/api-vehicle/controllers/base.go:270.24,272.3 1 0
ajb_gps/api-vehicle/controllers/base.go:273.2,273.10 1 1
ajb_gps/api-vehicle/controllers/handlers_fuel.go:20.48,22.9 2 0
ajb_gps/api-vehicle/controllers/handlers_fuel.go:22.9,24.3 1 0
ajb_gps/api-vehicle/controllers/handlers_fuel.go:25.2,26.16 2 0
ajb_gps/api-vehicle/controllers/handlers_fuel.go:26.16,29.3 2 0
ajb_gps/api-vehicle/controllers/handlers_fuel.go:32.2,33.116 2 0
ajb_gps/api-vehicle/controllers/handlers_fuel.go:33.116,37.3 3 0
ajb_gps/api-vehicle/controllers/handlers_fuel.go:38.2,38.12 1 0
ajb_gps/api-vehicle/controllers/handlers_fuel.go:38.12,41.3 2 0
ajb_gps/api-vehicle/controllers/handlers_fuel.go:42.2,42.34 1 0
ajb_gps/api-vehicle/controllers/handlers_fuel.go:42.34,44.3 1 0
ajb_gps/api-vehicle/controllers/handlers_fuel.go:46.2,48.35 3 0
ajb_gps/api-vehicle/controllers/handlers_fuel.go:48.35,50.18 2 0
ajb_gps/api-vehicle/controllers/handlers_fuel.go:50.18,53.4 2 0
ajb_gps/api-vehicle/controllers/handlers_fuel.go:54.3,54.12 1 0
ajb_gps/api-vehicle/controllers/handlers_fuel.go:56.2,56.33 1 0
ajb_gps/api-vehicle/controllers/handlers_fuel.go:56.33,58.18 2 0
ajb_gps/api-vehicle/controllers/handlers_fuel.go:58.18,61.4 2 0
ajb_gps/api-vehicle/controllers/handlers_fuel.go:62.3,62.10 1 0
ajb_gps/api-vehicle/controllers/handlers_fuel.go:64.2,64.23 1 0
ajb_gps/api-vehicle/controllers/handlers_fuel.go:64.23,67.3 2 0
ajb_gps/api-vehicle/controllers/handlers_fuel.go:68.2,68.38 1 0
ajb_gps/api-vehicle/controllers/handlers_fuel.go:68.38,71.3 2 0
ajb_gps/api-vehicle/controllers/handlers_fuel.go:72.2,73.32 2 0
ajb_gps/api-vehicle/controllers/handlers_fuel.go:73.32,76.3 2 0
ajb_gps/api-vehicle/controllers/handlers_fuel.go:78.2,84.16 2 0
ajb_gps/api-vehicle/controllers/handlers_fuel.go:84.16,88.3 3 0
ajb_gps/api-vehicle/controllers/handlers_fuel.go:89.2,92.18 3 0
ajb_gps/api-vehicle/controllers/handlers_fuel.go:92.18,99.65 2 0
ajb_gps/api-vehicle/controllers/handlers_fuel.go:99.65,103.4 3 0
ajb_gps/api-vehicle/controllers/handlers_fuel.go:104.3,105.18 2 0
ajb_gps/api-vehicle/controllers/handlers_fuel.go:105.18,107.4 1 0
ajb_gps/api-vehicle/controllers/handlers_fuel.go:108.3,108.19 1 0
ajb_gps/api-vehicle/controllers/handlers_fuel.go:108.19,110.4 1 0
ajb_gps/api-vehicle/controllers/handlers_fuel.go:111.3,111.18 1 0
ajb_gps/api-vehicle/controllers/handlers_fuel.go:111.18,113.4 1 0
ajb_gps/api-vehicle/controllers/handlers_fuel.go:114.3,114.29 1 0
ajb_gps/api-vehicle/controllers/handlers_fuel.go:116.2,116.35 1 0
ajb_gps/api-vehicle/controllers/handlers_fuel.go:116.35,120.3 3 0
ajb_gps/api-vehicle/controllers/handlers_fuel.go:121.2,122.56 2 0
ajb_gps/api-vehicle/controllers/handlers_fuel.go:126.45,128.16 2 0
ajb_gps/api-vehicle/controllers/handlers_fuel.go:128.16,131.3 2 0
ajb_gps/api-vehicle/controllers/handlers_fuel.go:132.2,133.16 2 0
ajb_gps/api-vehicle/controllers/handlers_fuel.go:133.16,137.3 3 0
ajb_gps/api-vehicle/controllers/handlers_fuel.go:138.2,141.18 3 0
ajb_gps/api-vehicle/controllers/handlers_fuel.go:141.18,151.91 2 0
ajb_gps/api-vehicle/controllers/handlers_fuel.go:151.91,155.4 3 0
ajb_gps/api-vehicle/controllers/handlers_fuel.go:156.3,164.5 1 0
ajb_gps/api-vehicle/controllers/handlers_fuel.go:166.2,166.35 1 0
ajb_gps/api-vehicle/controllers/handlers_fuel.go:166.35,169.3 2 0
ajb_gps/api-vehicle/controllers/handlers_fuel.go:170.2,170.39 1 0
ajb_gps/api-vehicle/controllers/handlers_fuel.go:174.47,175.31 1 0
ajb_gps/api-vehicle/controllers/handlers_fuel.go:175.31,177.3 1 0
ajb_gps/api-vehicle/controllers/handlers_fuel.go:178.2,186.59 2 0
ajb_gps/api-vehicle/controllers/handlers_fuel.go:186.59,189.3 2 0
ajb_gps/api-vehicle/controllers/handlers_fuel.go:190.2,191.16 2 0
ajb_gps/api-vehicle/controllers/handlers_fuel.go:191.16,194.3 2 0
ajb_gps/api-vehicle/controllers/handlers_fuel.go:195.2,196.48 2 0
ajb_gps/api-vehicle/controllers/handlers_fuel.go:196.48,198.139 2 0
ajb_gps/api-vehicle/controllers/handlers_fuel.go:198.139,201.4 2 0
ajb_gps/api-vehicle/controllers/handlers_fuel.go:202.3,202.26 1 0
ajb_gps/api-vehicle/controllers/handlers_fuel.go:204.2,205.56 2 0
ajb_gps/api-vehicle/controllers/handlers_fuel.go:205.56,207.3 1 0
ajb_gps/api-vehicle/controllers/handlers_fuel.go:210.2,214.16 2 0
ajb_gps/api-vehicle/controllers/handlers_fuel.go:214.16,218.3 3 0
ajb_gps/api-vehicle/controllers/handlers_fuel.go:219.2,219.57 1 0
ajb_gps/api-vehicle/controllers/handlers_fuel.go:223.47,225.9 2 0
ajb_gps/api-vehicle/controllers/handlers_fuel.go:225.9,227.3 1 0
ajb_gps/api-vehicle/controllers/handlers_fuel.go:228.2,228.31 1 0
ajb_gps/api-vehicle/controllers/handlers_fuel.go:228.31,230.3 1 0
ajb_gps/api-vehicle/controllers/handlers_fuel.go:231.2,237.47 2 0
ajb_gps/api-vehicle/controllers/handlers_fuel.go:237.47,240.3 2 0
ajb_gps/api-vehicle/controllers/handlers_fuel.go:241.2,241.57 1 0
ajb_gps/api-vehicle/controllers/handlers_fuel.go:241.57,244.3 2 0
ajb_gps/api-vehicle/controllers/handlers_fuel.go:245.2,245.61 1 0
ajb_gps/api-vehicle/controllers/handlers_fuel.go:245.61,248.3 2 0
ajb_gps/api-vehicle/controllers/handlers_fuel.go:249.2,250.16 2 0
ajb_gps/api-vehicle/controllers/handlers_fuel.go:250.16,253.3 2 0
ajb_gps/api-vehicle/controllers/handlers_fuel.go:255.2,257.43 3 0
ajb_gps/api-vehicle/controllers/handlers_fuel.go:257.43,258.20 1 0
ajb_gps/api-vehicle/controllers/handlers_fuel.go:258.20,260.4 1 0
ajb_gps/api-vehicle/controllers/handlers_fuel.go:261.3,262.25 2 0
ajb_gps/api-vehicle/controllers/handlers_fuel.go:264.2,264.30 1 0
ajb_gps/api-vehicle/controllers/handlers_fuel.go:264.30,266.3 1 0
ajb_gps/api-vehicle/controllers/handlers_fuel.go:267.2,267.32 1 0
ajb_gps/api-vehicle/controllers/handlers_fuel.go:267.32,269.3 1 0
ajb_gps/api-vehicle/controllers/handlers_fuel.go:270.2,270.56 1 0
ajb_gps/api-vehicle/controllers/handlers_fuel.go:270.56,272.3 1 0
ajb_gps/api-vehicle/controllers/handlers_fuel.go:273.2,273.24 1 0
ajb_gps/api-vehicle/controllers/handlers_fuel.go:273.24,275.3 1 0
ajb_gps/api-vehicle/controllers/handlers_fuel.go:276.2,276.20 1 0
ajb_gps/api-vehicle/controllers/handlers_fuel.go:276.20,279.3 2 0
ajb_gps/api-vehicle/controllers/handlers_fuel.go:280.2,284.16 4 0
ajb_gps/api-vehicle/controllers/handlers_fuel.go:284.16,288.3 3 0
ajb_gps/api-vehicle/controllers/handlers_fuel.go:289.2,289.54 1 0
ajb_gps/api-vehicle/controllers/handlers_fuel.go:289.54,292.3 2 0
ajb_gps/api-vehicle/controllers/handlers_fuel.go:293.2,293.49 1 0
ajb_gps/api-vehicle/controllers/handlers_fuel.go:297.47,299.9 2 0
ajb_gps/api-vehicle/controllers/handlers_fuel.go:299.9,301.3 1 0
ajb_gps/api-vehicle/controllers/handlers_fuel.go:302.2,302.31 1 0
ajb_gps/api-vehicle/controllers/handlers_fuel.go:302.31,304.3 1 0
ajb_gps/api-vehicle/controllers/handlers_fuel.go:305.2,306.16 2 0
ajb_gps/api-vehicle/controllers/handlers_fuel.go:306.16,309.3 2 0
ajb_gps/api-vehicle/controllers/handlers_fuel.go:310.2,310.80 1 0
ajb_gps/api-vehicle/controllers/handlers_fuel.go:310.80,314.3 3 0
ajb_gps/api-vehicle/controllers/handlers_fuel.go:315.2,315.49 1 0
ajb_gps/api-vehicle/controllers/handlers_geofence.go:12.49,13.31 1 0
ajb_gps/api-vehicle/controllers/handlers_geofence.go:13.31,15.3 1 0
ajb_gps/api-vehicle/controllers/handlers_geofence.go:16.2,17.9 2 0
ajb_gps/api-vehicle/controllers/handlers_geofence.go:17.9,19.3 1 0
ajb_gps/api-vehicle/controllers/handlers_geofence.go:20.2,23.69 2 0
ajb_gps/api-vehicle/controllers/handlers_geofence.go:23.69,26.3 2 0
ajb_gps/api-vehicle/controllers/handlers_geofence.go:27.2,27.45 1 0
ajb_gps/api-vehicle/controllers/handlers_geofence.go:27.45,29.3 1 0
ajb_gps/api-vehicle/controllers/handlers_geofence.go:30.2,31.16 2 0
ajb_gps/api-vehicle/controllers/handlers_geofence.go:31.16,34.3 2 0
ajb_gps/api-vehicle/controllers/handlers_geofence.go:37.2,38.131 2 0
ajb_gps/api-vehicle/controllers/handlers_geofence.go:38.131,41.3 2 0
ajb_gps/api-vehicle/controllers/handlers_geofence.go:42.2,42.137 1 0
ajb_gps/api-vehicle/controllers/handlers_geofence.go:42.137,45.3 2 0
ajb_gps/api-vehicle/controllers/handlers_geofence.go:47.2,50.16 1 0
ajb_gps/api-vehicle/controllers/handlers_geofence.go:50.16,54.3 3 0
ajb_gps/api-vehicle/controllers/handlers_geofence.go:55.2,55.100 1 0
ajb_gps/api-vehicle/controllers/handlers_geofence.go:59.52,60.31 1 0
ajb_gps/api-vehicle/controllers/handlers_geofence.go:60.31,62.3 1 0
ajb_gps/api-vehicle/controllers/handlers_geofence.go:63.2,64.9 2 0
ajb_gps/api-vehicle/controllers/handlers_geofence.go:64.9,66.3 1 0
ajb_gps/api-vehicle/controllers/handlers_geofence.go:67.2,68.16 2 0
ajb_gps/api-vehicle/controllers/handlers_geofence.go:68.16,71.3 2 0
ajb_gps/api-vehicle/controllers/handlers_geofence.go:72.2,73.16 2 0
ajb_gps/api-vehicle/controllers/handlers_geofence.go:73.16,76.3 2 0
ajb_gps/api-vehicle/controllers/handlers_geofence.go:78.2,82.16 2 0
ajb_gps/api-vehicle/controllers/handlers_geofence.go:82.16,86.3 3 0
ajb_gps/api-vehicle/controllers/handlers_geofence.go:87.2,87.54 1 0
ajb_gps/api-vehicle/controllers/handlers_geofence.go:87.54,90.3 2 0
ajb_gps/api-vehicle/controllers/handlers_geofence.go:91.2,91.91 1 0
ajb_gps/api-vehicle/controllers/handlers_geofence.go:95.50,97.9 2 0
ajb_gps/api-vehicle/controllers/handlers_geofence.go:97.9,99.3 1 0
ajb_gps/api-vehicle/controllers/handlers_geofence.go:100.2,101.16 2 0
ajb_gps/api-vehicle/controllers/handlers_geofence.go:101.16,104.3 2 0
ajb_gps/api-vehicle/controllers/handlers_geofence.go:105.2,108.16 2 0
ajb_gps/api-vehicle/controllers/handlers_geofence.go:108.16,112.3 3 0
ajb_gps/api-vehicle/controllers/handlers_geofence.go:113.2,116.18 3 0
ajb_gps/api-vehicle/controllers/handlers_geofence.go:116.18,118.39 2 0
ajb_gps/api-vehicle/controllers/handlers_geofence.go:118.39,120.30 1 0
ajb_gps/api-vehicle/controllers/handlers_geofence.go:120.30,122.5 1 0
ajb_gps/api-vehicle/controllers/handlers_geofence.go:125.2,125.88 1 0
ajb_gps/api-vehicle/controllers/handlers_reference.go:21.47,22.15 1 1
ajb_gps/api-vehicle/controllers/handlers_reference.go:22.15,24.3 1 1
ajb_gps/api-vehicle/controllers/handlers_reference.go:25.2,26.11 2 1
ajb_gps/api-vehicle/controllers/handlers_reference.go:30.43,31.14 1 1
ajb_gps/api-vehicle/controllers/handlers_reference.go:31.14,33.3 1 1
ajb_gps/api-vehicle/controllers/handlers_reference.go:34.2,35.11 2 1
ajb_gps/api-vehicle/controllers/handlers_reference.go:39.55,41.2 1 1
ajb_gps/api-vehicle/controllers/handlers_reference.go:44.66,45.21 1 0
ajb_gps/api-vehicle/controllers/handlers_reference.go:45.21,47.3 1 0
ajb_gps/api-vehicle/controllers/handlers_reference.go:48.2,49.16 2 0
ajb_gps/api-vehicle/controllers/handlers_reference.go:49.16,51.3 1 0
ajb_gps/api-vehicle/controllers/handlers_reference.go:52.2,52.26 1 0
ajb_gps/api-vehicle/controllers/handlers_reference.go:56.64,57.21 1 0
ajb_gps/api-vehicle/controllers/handlers_reference.go:57.21,59.3 1 0
ajb_gps/api-vehicle/controllers/handlers_reference.go:60.2,60.66 1 0
ajb_gps/api-vehicle/controllers/handlers_reference.go:60.66,62.3 1 0
ajb_gps/api-vehicle/controllers/handlers_reference.go:66.48,68.15 2 0
ajb_gps/api-vehicle/controllers/handlers_reference.go:68.15,71.3 2 0
ajb_gps/api-vehicle/controllers/handlers_reference.go:73.2,77.50 4 0
ajb_gps/api-vehicle/controllers/handlers_reference.go:77.50,80.3 2 0
ajb_gps/api-vehicle/controllers/handlers_reference.go:82.2,86.18 3 0
ajb_gps/api-vehicle/controllers/handlers_reference.go:86.18,89.3 2 0
ajb_gps/api-vehicle/controllers/handlers_reference.go:90.2,93.16 3 0
ajb_gps/api-vehicle/controllers/handlers_reference.go:93.16,97.3 3 0
ajb_gps/api-vehicle/controllers/handlers_reference.go:98.2,101.18 3 0
ajb_gps/api-vehicle/controllers/handlers_reference.go:101.18,104.106 3 0
ajb_gps/api-vehicle/controllers/handlers_reference.go:104.106,109.4 4 0
ajb_gps/api-vehicle/controllers/handlers_reference.go:112.2,112.54 1 0
ajb_gps/api-vehicle/controllers/handlers_reference.go:112.54,114.3 1 0
ajb_gps/api-vehicle/controllers/handlers_reference.go:116.2,116.43 1 0
ajb_gps/api-vehicle/controllers/handlers_reference.go:120.52,122.15 2 0
ajb_gps/api-vehicle/controllers/handlers_reference.go:122.15,125.3 2 0
ajb_gps/api-vehicle/controllers/handlers_reference.go:127.2,128.16 2 0
ajb_gps/api-vehicle/controllers/handlers_reference.go:128.16,131.3 2 0
ajb_gps/api-vehicle/controllers/handlers_reference.go:133.2,136.50 3 0
ajb_gps/api-vehicle/controllers/handlers_reference.go:136.50,139.3 2 0
ajb_gps/api-vehicle/controllers/handlers_reference.go:141.2,148.26 4 0
ajb_gps/api-vehicle/controllers/handlers_reference.go:148.26,151.3 2 0
ajb_gps/api-vehicle/controllers/handlers_reference.go:152.2,152.16 1 0
ajb_gps/api-vehicle/controllers/handlers_reference.go:152.16,156.3 3 0
ajb_gps/api-vehicle/controllers/handlers_reference.go:158.2,162.47 4 0
ajb_gps/api-vehicle/controllers/handlers_reference.go:162.47,164.3 1 0
ajb_gps/api-vehicle/controllers/handlers_reference.go:166.2,166.36 1 0
ajb_gps/api-vehicle/controllers/handlers_reference.go:170.48,172.15 2 0
ajb_gps/api-vehicle/controllers/handlers_reference.go:172.15,175.3 2 0
ajb_gps/api-vehicle/controllers/handlers_reference.go:177.2,182.50 5 0
ajb_gps/api-vehicle/controllers/handlers_reference.go:182.50,185.3 2 0
ajb_gps/api-vehicle/controllers/handlers_reference.go:187.2,190.19 3 0
ajb_gps/api-vehicle/controllers/handlers_reference.go:190.19,193.3 2 0
ajb_gps/api-vehicle/controllers/handlers_reference.go:194.2,194.18 1 0
ajb_gps/api-vehicle/controllers/handlers_reference.go:194.18,197.3 2 0
ajb_gps/api-vehicle/controllers/handlers_reference.go:198.2,201.16 3 0
ajb_gps/api-vehicle/controllers/handlers_reference.go:201.16,205.3 3 0
ajb_gps/api-vehicle/controllers/handlers_reference.go:206.2,209.18 3 0
ajb_gps/api-vehicle/controllers/handlers_reference.go:209.18,212.86 3 0
ajb_gps/api-vehicle/controllers/handlers_reference.go:212.86,216.4 3 0
ajb_gps/api-vehicle/controllers/handlers_reference.go:219.2,219.54 1 0
ajb_gps/api-vehicle/controllers/handlers_reference.go:219.54,221.3 1 0
ajb_gps/api-vehicle/controllers/handlers_reference.go:223.2,223.43 1 0
ajb_gps/api-vehicle/controllers/handlers_reference.go:227.53,229.15 2 0
ajb_gps/api-vehicle/controllers/handlers_reference.go:229.15,232.3 2 0
ajb_gps/api-vehicle/controllers/handlers_reference.go:234.2,235.16 2 0
ajb_gps/api-vehicle/controllers/handlers_reference.go:235.16,238.3 2 0
ajb_gps/api-vehicle/controllers/handlers_reference.go:240.2,243.50 3 0
ajb_gps/api-vehicle/controllers/handlers_reference.go:243.50,246.3 2 0
ajb_gps/api-vehicle/controllers/handlers_reference.go:248.2,254.26 4 0
ajb_gps/api-vehicle/controllers/handlers_reference.go:254.26,257.3 2 0
ajb_gps/api-vehicle/controllers/handlers_reference.go:258.2,258.16 1 0
ajb_gps/api-vehicle/controllers/handlers_reference.go:258.16,262.3 3 0
ajb_gps/api-vehicle/controllers/handlers_reference.go:264.2,267.46 3 0
ajb_gps/api-vehicle/controllers/handlers_reference.go:267.46,269.3 1 0
ajb_gps/api-vehicle/controllers/handlers_reference.go:271.2,271.35 1 0
ajb_gps/api-vehicle/controllers/handlers_reference.go:275.45,277.15 2 0
ajb_gps/api-vehicle/controllers/handlers_reference.go:277.15,280.3 2 0
ajb_gps/api-vehicle/controllers/handlers_reference.go:282.2,287.50 5 0
ajb_gps/api-vehicle/controllers/handlers_reference.go:287.50,290.3 2 0
ajb_gps/api-vehicle/controllers/handlers_reference.go:292.2,295.20 3 0
ajb_gps/api-vehicle/controllers/handlers_reference.go:295.20,298.3 2 0
ajb_gps/api-vehicle/controllers/handlers_reference.go:299.2,299.18 1 0
ajb_gps/api-vehicle/controllers/handlers_reference.go:299.18,302.3 2 0
ajb_gps/api-vehicle/controllers/handlers_reference.go:303.2,306.16 3 0
ajb_gps/api-vehicle/controllers/handlers_reference.go:306.16,310.3 3 0
ajb_gps/api-vehicle/controllers/handlers_reference.go:311.2,314.18 3 0
ajb_gps/api-vehicle/controllers/handlers_reference.go:314.18,318.99 4 0
ajb_gps/api-vehicle/controllers/handlers_reference.go:318.99,323.4 4 0
ajb_gps/api-vehicle/controllers/handlers_reference.go:326.2,326.51 1 0
ajb_gps/api-vehicle/controllers/handlers_reference.go:326.51,328.3 1 0
ajb_gps/api-vehicle/controllers/handlers_reference.go:330.2,330.40 1 0
ajb_gps/api-vehicle/controllers/handlers_reference.go:334.49,336.15 2 0
ajb_gps/api-vehicle/controllers/handlers_reference.go:336.15,339.3 2 0
ajb_gps/api-vehicle/controllers/handlers_reference.go:341.2,342.16 2 0
ajb_gps/api-vehicle/controllers/handlers_reference.go:342.16,345.3 2 0
ajb_gps/api-vehicle/controllers/handlers_reference.go:347.2,350.50 3 0
ajb_gps/api-vehicle/controllers/handlers_reference.go:350.50,353.3 2 0
ajb_gps/api-vehicle/controllers/handlers_reference.go:355.2,362.26 5 0
ajb_gps/api-vehicle/controllers/handlers_reference.go:362.26,365.3 2 0
ajb_gps/api-vehicle/controllers/handlers_reference.go:366.2,366.16 1 0
ajb_gps/api-vehicle/controllers/handlers_reference.go:366.16,370.3 3 0
ajb_gps/api-vehicle/controllers/handlers_reference.go:372.2,376.47 4 0
ajb_gps/api-vehicle/controllers/handlers_reference.go:376.47,378.3 1 0
ajb_gps/api-vehicle/controllers/handlers_reference.go:380.2,380.36 1 0
ajb_gps/api-vehicle/controllers/handlers_reference.go:384.48,386.15 2 0
ajb_gps/api-vehicle/controllers/handlers_reference.go:386.15,389.3 2 0
ajb_gps/api-vehicle/controllers/handlers_reference.go:391.2,396.50 5 0
ajb_gps/api-vehicle/controllers/handlers_reference.go:396.50,399.3 2 0
ajb_gps/api-vehicle/controllers/handlers_reference.go:401.2,404.16 3 0
ajb_gps/api-vehicle/controllers/handlers_reference.go:404.16,407.3 2 0
ajb_gps/api-vehicle/controllers/handlers_reference.go:408.2,408.18 1 0
ajb_gps/api-vehicle/controllers/handlers_reference.go:408.18,411.3 2 0
ajb_gps/api-vehicle/controllers/handlers_reference.go:412.2,415.16 3 0
ajb_gps/api-vehicle/controllers/handlers_reference.go:415.16,419.3 3 0
ajb_gps/api-vehicle/controllers/handlers_reference.go:420.2,423.18 3 0
ajb_gps/api-vehicle/controllers/handlers_reference.go:423.18,426.92 3 0
ajb_gps/api-vehicle/controllers/handlers_reference.go:426.92,431.4 4 0
ajb_gps/api-vehicle/controllers/handlers_reference.go:434.2,434.54 1 0
ajb_gps/api-vehicle/controllers/handlers_reference.go:434.54,436.3 1 0
ajb_gps/api-vehicle/controllers/handlers_reference.go:438.2,438.43 1 0
ajb_gps/api-vehicle/controllers/handlers_reference.go:442.53,444.15 2 0
ajb_gps/api-vehicle/controllers/handlers_reference.go:444.15,447.3 2 0
ajb_gps/api-vehicle/controllers/handlers_reference.go:449.2,450.16 2 0
ajb_gps/api-vehicle/controllers/handlers_reference.go:450.16,453.3 2 0
ajb_gps/api-vehicle/controllers/handlers_reference.go:455.2,458.50 3 0
ajb_gps/api-vehicle/controllers/handlers_reference.go:458.50,461.3 2 0
ajb_gps/api-vehicle/controllers/handlers_reference.go:463.2,469.26 4 0
ajb_gps/api-vehicle/controllers/handlers_reference.go:469.26,472.3 2 0
ajb_gps/api-vehicle/controllers/handlers_reference.go:473.2,473.16 1 0
ajb_gps/api-vehicle/controllers/handlers_reference.go:473.16,477.3 3 0
ajb_gps/api-vehicle/controllers/handlers_reference.go:479.2,483.46 4 0
ajb_gps/api-vehicle/controllers/handlers_reference.go:483.46,485.3 1 0
ajb_gps/api-vehicle/controllers/handlers_reference.go:487.2,487.35 1 0
ajb_gps/api-vehicle/controllers/handlers_reference.go:491.51,493.15 2 0
ajb_gps/api-vehicle/controllers/handlers_reference.go:493.15,496.3 2 0
ajb_gps/api-vehicle/controllers/handlers_reference.go:498.2,507.50 7 0
ajb_gps/api-vehicle/controllers/handlers_reference.go:507.50,509.51 2 0
ajb_gps/api-vehicle/controllers/handlers_reference.go:509.51,512.4 2 0
ajb_gps/api-vehicle/controllers/handlers_reference.go:515.2,519.20 4 0
ajb_gps/api-vehicle/controllers/handlers_reference.go:519.20,523.3 3 0
ajb_gps/api-vehicle/controllers/handlers_reference.go:524.2,524.18 1 0
ajb_gps/api-vehicle/controllers/handlers_reference.go:524.18,528.3 3 0
ajb_gps/api-vehicle/controllers/handlers_reference.go:530.2,531.70 2 0
ajb_gps/api-vehicle/controllers/handlers_reference.go:531.70,535.3 3 0
ajb_gps/api-vehicle/controllers/handlers_reference.go:537.2,541.16 4 0
ajb_gps/api-vehicle/controllers/handlers_reference.go:541.16,545.3 3 0
ajb_gps/api-vehicle/controllers/handlers_reference.go:546.2,549.18 3 0
ajb_gps/api-vehicle/controllers/handlers_reference.go:549.18,552.96 3 0
ajb_gps/api-vehicle/controllers/handlers_reference.go:552.96,557.4 4 0
ajb_gps/api-vehicle/controllers/handlers_reference.go:560.2,563.20 2 0
ajb_gps/api-vehicle/controllers/handlers_reference.go:563.20,568.104 2 0
ajb_gps/api-vehicle/controllers/handlers_reference.go:568.104,570.4 1 0
ajb_gps/api-vehicle/controllers/handlers_reference.go:573.2,573.58 1 0
ajb_gps/api-vehicle/controllers/handlers_reference.go:577.56,579.15 2 0
ajb_gps/api-vehicle/controllers/handlers_reference.go:579.15,582.3 2 0
ajb_gps/api-vehicle/controllers/handlers_reference.go:584.2,585.16 2 0
ajb_gps/api-vehicle/controllers/handlers_reference.go:585.16,588.3 2 0
ajb_gps/api-vehicle/controllers/handlers_reference.go:590.2,593.50 3 0
ajb_gps/api-vehicle/controllers/handlers_reference.go:593.50,596.3 2 0
ajb_gps/api-vehicle/controllers/handlers_reference.go:598.2,604.26 4 0
ajb_gps/api-vehicle/controllers/handlers_reference.go:604.26,607.3 2 0
ajb_gps/api-vehicle/controllers/handlers_reference.go:608.2,608.16 1 0
ajb_gps/api-vehicle/controllers/handlers_reference.go:608.16,612.3 3 0
ajb_gps/api-vehicle/controllers/handlers_reference.go:614.2,618.46 4 0
ajb_gps/api-vehicle/controllers/handlers_reference.go:618.46,620.3 1 0
ajb_gps/api-vehicle/controllers/handlers_reference.go:622.2,622.35 1 0
ajb_gps/api-vehicle/controllers/handlers_routes.go:17.62,24.16 3 0
ajb_gps/api-vehicle/controllers/handlers_routes.go:24.16,26.3 1 0
ajb_gps/api-vehicle/controllers/handlers_routes.go:27.2,27.15 1 0
ajb_gps/api-vehicle/controllers/handlers_routes.go:27.15,30.3 2 0
ajb_gps/api-vehicle/controllers/handlers_routes.go:31.2,31.17 1 0
ajb_gps/api-vehicle/controllers/handlers_routes.go:31.17,33.3 1 0
ajb_gps/api-vehicle/controllers/handlers_routes.go:34.2,34.16 1 0
ajb_gps/api-vehicle/controllers/handlers_routes.go:38.83,43.16 2 0
ajb_gps/api-vehicle/controllers/handlers_routes.go:43.16,45.3 1 0
ajb_gps/api-vehicle/controllers/handlers_routes.go:46.2,48.18 3 0
ajb_gps/api-vehicle/controllers/handlers_routes.go:48.18,56.53 2 0
ajb_gps/api-vehicle/controllers/handlers_routes.go:56.53,58.4 1 0
ajb_gps/api-vehicle/controllers/handlers_routes.go:59.3,62.27 4 0
ajb_gps/api-vehicle/controllers/handlers_routes.go:64.2,64.26 1 0
ajb_gps/api-vehicle/controllers/handlers_routes.go:69.40,71.16 2 0
ajb_gps/api-vehicle/controllers/handlers_routes.go:71.16,74.3 2 0
ajb_gps/api-vehicle/controllers/handlers_routes.go:76.2,77.16 2 0
ajb_gps/api-vehicle/controllers/handlers_routes.go:77.16,81.3 3 0
ajb_gps/api-vehicle/controllers/handlers_routes.go:82.2,85.18 3 0
ajb_gps/api-vehicle/controllers/handlers_routes.go:85.18,87.17 2 0
ajb_gps/api-vehicle/controllers/handlers_routes.go:87.17,91.4 3 0
ajb_gps/api-vehicle/controllers/handlers_routes.go:92.3,92.24 1 0
ajb_gps/api-vehicle/controllers/handlers_routes.go:94.2,94.35 1 0
ajb_gps/api-vehicle/controllers/handlers_routes.go:94.35,97.3 2 0
ajb_gps/api-vehicle/controllers/handlers_routes.go:99.2,100.24 2 0
ajb_gps/api-vehicle/controllers/handlers_routes.go:100.24,102.17 2 0
ajb_gps/api-vehicle/controllers/handlers_routes.go:102.17,103.12 1 0
ajb_gps/api-vehicle/controllers/handlers_routes.go:105.3,106.17 2 0
ajb_gps/api-vehicle/controllers/handlers_routes.go:106.17,108.12 2 0
ajb_gps/api-vehicle/controllers/handlers_routes.go:110.3,111.25 2 0
ajb_gps/api-vehicle/controllers/handlers_routes.go:111.25,112.41 1 0
ajb_gps/api-vehicle/controllers/handlers_routes.go:112.41,114.10 2 0
ajb_gps/api-vehicle/controllers/handlers_routes.go:118.2,118.39 1 0
ajb_gps/api-vehicle/controllers/handlers_routes.go:122.42,123.31 1 0
ajb_gps/api-vehicle/controllers/handlers_routes.go:123.31,125.3 1 0
ajb_gps/api-vehicle/controllers/handlers_routes.go:126.2,127.73 2 0
ajb_gps/api-vehicle/controllers/handlers_routes.go:127.73,131.3 2 0
ajb_gps/api-vehicle/controllers/handlers_routes.go:132.2,133.16 2 0
ajb_gps/api-vehicle/controllers/handlers_routes.go:133.16,136.3 2 0
ajb_gps/api-vehicle/controllers/handlers_routes.go:137.2,145.16 4 0
ajb_gps/api-vehicle/controllers/handlers_routes.go:145.16,149.3 3 0
ajb_gps/api-vehicle/controllers/handlers_routes.go:150.2,152.75 3 0
ajb_gps/api-vehicle/controllers/handlers_routes.go:156.42,158.9 2 0
ajb_gps/api-vehicle/controllers/handlers_routes.go:158.9,160.3 1 0
ajb_gps/api-vehicle/controllers/handlers_routes.go:161.2,162.16 2 0
ajb_gps/api-vehicle/controllers/handlers_routes.go:162.16,165.3 2 0
ajb_gps/api-vehicle/controllers/handlers_routes.go:166.2,167.16 2 0
ajb_gps/api-vehicle/controllers/handlers_routes.go:167.16,171.3 3 0
ajb_gps/api-vehicle/controllers/handlers_routes.go:172.2,173.18 2 0
ajb_gps/api-vehicle/controllers/handlers_routes.go:173.18,176.3 2 0
ajb_gps/api-vehicle/controllers/handlers_routes.go:177.2,178.16 2 0
ajb_gps/api-vehicle/controllers/handlers_routes.go:178.16,181.3 2 0
ajb_gps/api-vehicle/controllers/handlers_routes.go:182.2,183.16 2 0
ajb_gps/api-vehicle/controllers/handlers_routes.go:183.16,187.3 3 0
ajb_gps/api-vehicle/controllers/handlers_routes.go:188.2,188.38 1 0
ajb_gps/api-vehicle/controllers/handlers_routes_assign.go:11.41,13.9 2 0
ajb_gps/api-vehicle/controllers/handlers_routes_assign.go:13.9,15.3 1 0
ajb_gps/api-vehicle/controllers/handlers_routes_assign.go:16.2,16.31 1 0
ajb_gps/api-vehicle/controllers/handlers_routes_assign.go:16.31,18.3 1 0
ajb_gps/api-vehicle/controllers/handlers_routes_assign.go:19.2,23.94 2 0
ajb_gps/api-vehicle/controllers/handlers_routes_assign.go:23.94,26.3 2 0
ajb_gps/api-vehicle/controllers/handlers_routes_assign.go:27.2,27.45 1 0
ajb_gps/api-vehicle/controllers/handlers_routes_assign.go:27.45,29.3 1 0
ajb_gps/api-vehicle/controllers/handlers_routes_assign.go:30.2,31.16 2 0
ajb_gps/api-vehicle/controllers/handlers_routes_assign.go:31.16,34.3 2 0
ajb_gps/api-vehicle/controllers/handlers_routes_assign.go:36.2,37.125 2 0
ajb_gps/api-vehicle/controllers/handlers_routes_assign.go:37.125,40.3 2 0
ajb_gps/api-vehicle/controllers/handlers_routes_assign.go:41.2,41.137 1 0
ajb_gps/api-vehicle/controllers/handlers_routes_assign.go:41.137,44.3 2 0
ajb_gps/api-vehicle/controllers/handlers_routes_assign.go:46.2,51.16 2 0
ajb_gps/api-vehicle/controllers/handlers_routes_assign.go:51.16,55.3 3 0
ajb_gps/api-vehicle/controllers/handlers_routes_assign.go:56.2,60.68 3 0
ajb_gps/api-vehicle/controllers/handlers_routes_assign.go:64.51,66.9 2 0
ajb_gps/api-vehicle/controllers/handlers_routes_assign.go:66.9,68.3 1 0
ajb_gps/api-vehicle/controllers/handlers_routes_assign.go:69.2,70.16 2 0
ajb_gps/api-vehicle/controllers/handlers_routes_assign.go:70.16,73.3 2 0
ajb_gps/api-vehicle/controllers/handlers_routes_assign.go:74.2,74.31 1 0
ajb_gps/api-vehicle/controllers/handlers_routes_assign.go:74.31,76.3 1 0
ajb_gps/api-vehicle/controllers/handlers_routes_assign.go:77.2,80.47 2 0
ajb_gps/api-vehicle/controllers/handlers_routes_assign.go:80.47,84.3 2 0
ajb_gps/api-vehicle/controllers/handlers_routes_assign.go:85.2,86.16 2 0
ajb_gps/api-vehicle/controllers/handlers_routes_assign.go:86.16,89.3 2 0
ajb_gps/api-vehicle/controllers/handlers_routes_assign.go:91.2,92.20 2 0
ajb_gps/api-vehicle/controllers/handlers_routes_assign.go:93.21,94.52 1 0
ajb_gps/api-vehicle/controllers/handlers_routes_assign.go:95.19,96.56 1 0
ajb_gps/api-vehicle/controllers/handlers_routes_assign.go:98.2,101.16 3 0
ajb_gps/api-vehicle/controllers/handlers_routes_assign.go:101.16,105.3 3 0
ajb_gps/api-vehicle/controllers/handlers_routes_assign.go:106.2,106.54 1 0
ajb_gps/api-vehicle/controllers/handlers_routes_assign.go:106.54,109.3 2 0
ajb_gps/api-vehicle/controllers/handlers_routes_assign.go:110.2,110.74 1 0
ajb_gps/api-vehicle/controllers/handlers_routes_assign.go:114.43,116.9 2 0
ajb_gps/api-vehicle/controllers/handlers_routes_assign.go:116.9,118.3 1 0
ajb_gps/api-vehicle/controllers/handlers_routes_assign.go:119.2,120.16 2 0
ajb_gps/api-vehicle/controllers/handlers_routes_assign.go:120.16,123.3 2 0
ajb_gps/api-vehicle/controllers/handlers_routes_assign.go:124.2,124.31 1 0
ajb_gps/api-vehicle/controllers/handlers_routes_assign.go:124.31,126.3 1 0
ajb_gps/api-vehicle/controllers/handlers_routes_assign.go:127.2,128.16 2 0
ajb_gps/api-vehicle/controllers/handlers_routes_assign.go:128.16,131.3 2 0
ajb_gps/api-vehicle/controllers/handlers_routes_assign.go:132.2,133.16 2 0
ajb_gps/api-vehicle/controllers/handlers_routes_assign.go:133.16,137.3 3 0
ajb_gps/api-vehicle/controllers/handlers_routes_assign.go:138.2,138.54 1 0
ajb_gps/api-vehicle/controllers/handlers_routes_assign.go:138.54,141.3 2 0
ajb_gps/api-vehicle/controllers/handlers_routes_assign.go:142.2,142.52 1 0
ajb_gps/api-vehicle/controllers/handlers_routes_update.go:14.42,16.9 2 0
ajb_gps/api-vehicle/controllers/handlers_routes_update.go:16.9,18.3 1 0
ajb_gps/api-vehicle/controllers/handlers_routes_update.go:19.2,19.31 1 0
ajb_gps/api-vehicle/controllers/handlers_routes_update.go:19.31,21.3 1 0
ajb_gps/api-vehicle/controllers/handlers_routes_update.go:22.2,28.47 2 0
ajb_gps/api-vehicle/controllers/handlers_routes_update.go:28.47,31.3 2 0
ajb_gps/api-vehicle/controllers/handlers_routes_update.go:32.2,33.16 2 0
ajb_gps/api-vehicle/controllers/handlers_routes_update.go:33.16,36.3 2 0
ajb_gps/api-vehicle/controllers/handlers_routes_update.go:38.2,40.43 3 0
ajb_gps/api-vehicle/controllers/handlers_routes_update.go:40.43,41.20 1 0
ajb_gps/api-vehicle/controllers/handlers_routes_update.go:41.20,43.4 1 0
ajb_gps/api-vehicle/controllers/handlers_routes_update.go:44.3,45.25 2 0
ajb_gps/api-vehicle/controllers/handlers_routes_update.go:47.2,47.40 1 0
ajb_gps/api-vehicle/controllers/handlers_routes_update.go:47.40,49.3 1 0
ajb_gps/api-vehicle/controllers/handlers_routes_update.go:50.2,50.26 1 0
ajb_gps/api-vehicle/controllers/handlers_routes_update.go:50.26,51.30 1 0
ajb_gps/api-vehicle/controllers/handlers_routes_update.go:51.30,54.4 2 0
ajb_gps/api-vehicle/controllers/handlers_routes_update.go:55.3,56.26 2 0
ajb_gps/api-vehicle/controllers/handlers_routes_update.go:58.2,58.37 1 0
ajb_gps/api-vehicle/controllers/handlers_routes_update.go:58.37,60.3 1 0
ajb_gps/api-vehicle/controllers/handlers_routes_update.go:61.2,61.25 1 0
ajb_gps/api-vehicle/controllers/handlers_routes_update.go:61.25,63.3 1 0
ajb_gps/api-vehicle/controllers/handlers_routes_update.go:64.2,64.20 1 0
ajb_gps/api-vehicle/controllers/handlers_routes_update.go:64.20,67.3 2 0
ajb_gps/api-vehicle/controllers/handlers_routes_update.go:68.2,72.16 4 0
ajb_gps/api-vehicle/controllers/handlers_routes_update.go:72.16,76.3 3 0
ajb_gps/api-vehicle/controllers/handlers_routes_update.go:77.2,77.54 1 0
ajb_gps/api-vehicle/controllers/handlers_routes_update.go:77.54,80.3 2 0
ajb_gps/api-vehicle/controllers/handlers_routes_update.go:81.2,81.49 1 0
ajb_gps/api-vehicle/controllers/handlers_routes_update.go:85.42,87.9 2 0
ajb_gps/api-vehicle/controllers/handlers_routes_update.go:87.9,89.3 1 0
ajb_gps/api-vehicle/controllers/handlers_routes_update.go:90.2,90.31 1 0
ajb_gps/api-vehicle/controllers/handlers_routes_update.go:90.31,92.3 1 0
ajb_gps/api-vehicle/controllers/handlers_routes_update.go:93.2,94.16 2 0
ajb_gps/api-vehicle/controllers/handlers_routes_update.go:94.16,97.3 2 0
ajb_gps/api-vehicle/controllers/handlers_routes_update.go:98.2,99.16 2 0
ajb_gps/api-vehicle/controllers/handlers_routes_update.go:99.16,103.3 3 0
ajb_gps/api-vehicle/controllers/handlers_routes_update.go:104.2,104.54 1 0
ajb_gps/api-vehicle/controllers/handlers_routes_update.go:104.54,107.3 2 0
ajb_gps/api-vehicle/controllers/handlers_routes_update.go:108.2,108.49 1 0
ajb_gps/api-vehicle/controllers/handlers_speed.go:14.46,16.16 2 0
ajb_gps/api-vehicle/controllers/handlers_speed.go:16.16,19.3 2 0
ajb_gps/api-vehicle/controllers/handlers_speed.go:20.2,21.16 2 0
ajb_gps/api-vehicle/controllers/handlers_speed.go:21.16,25.3 3 0
ajb_gps/api-vehicle/controllers/handlers_speed.go:26.2,29.18 3 0
ajb_gps/api-vehicle/controllers/handlers_speed.go:29.18,38.82 2 0
ajb_gps/api-vehicle/controllers/handlers_speed.go:38.82,42.4 3 0
ajb_gps/api-vehicle/controllers/handlers_speed.go:43.3,50.5 1 0
ajb_gps/api-vehicle/controllers/handlers_speed.go:52.2,52.35 1 0
ajb_gps/api-vehicle/controllers/handlers_speed.go:52.35,55.3 2 0
ajb_gps/api-vehicle/controllers/handlers_speed.go:56.2,56.39 1 0
ajb_gps/api-vehicle/controllers/handlers_speed.go:60.48,61.30 1 0
ajb_gps/api-vehicle/controllers/handlers_speed.go:61.30,63.3 1 0
ajb_gps/api-vehicle/controllers/handlers_speed.go:64.2,69.73 2 0
ajb_gps/api-vehicle/controllers/handlers_speed.go:69.73,72.3 2 0
ajb_gps/api-vehicle/controllers/handlers_speed.go:73.2,74.16 2 0
ajb_gps/api-vehicle/controllers/handlers_speed.go:74.16,77.3 2 0
ajb_gps/api-vehicle/controllers/handlers_speed.go:78.2,79.48 2 0
ajb_gps/api-vehicle/controllers/handlers_speed.go:79.48,82.139 2 0
ajb_gps/api-vehicle/controllers/handlers_speed.go:82.139,85.4 2 0
ajb_gps/api-vehicle/controllers/handlers_speed.go:86.3,86.26 1 0
ajb_gps/api-vehicle/controllers/handlers_speed.go:88.2,93.16 2 0
ajb_gps/api-vehicle/controllers/handlers_speed.go:93.16,97.3 3 0
ajb_gps/api-vehicle/controllers/handlers_speed.go:98.2,99.57 2 0
ajb_gps/api-vehicle/controllers/handlers_speed.go:103.48,105.9 2 0
ajb_gps/api-vehicle/controllers/handlers_speed.go:105.9,107.3 1 0
ajb_gps/api-vehicle/controllers/handlers_speed.go:108.2,108.30 1 0
ajb_gps/api-vehicle/controllers/handlers_speed.go:108.30,110.3 1 0
ajb_gps/api-vehicle/controllers/handlers_speed.go:111.2,116.47 2 0
ajb_gps/api-vehicle/controllers/handlers_speed.go:116.47,119.3 2 0
ajb_gps/api-vehicle/controllers/handlers_speed.go:120.2,120.57 1 0
ajb_gps/api-vehicle/controllers/handlers_speed.go:120.57,123.3 2 0
ajb_gps/api-vehicle/controllers/handlers_speed.go:124.2,125.16 2 0
ajb_gps/api-vehicle/controllers/handlers_speed.go:125.16,128.3 2 0
ajb_gps/api-vehicle/controllers/handlers_speed.go:130.2,132.43 3 0
ajb_gps/api-vehicle/controllers/handlers_speed.go:132.43,133.20 1 0
ajb_gps/api-vehicle/controllers/handlers_speed.go:133.20,135.4 1 0
ajb_gps/api-vehicle/controllers/handlers_speed.go:136.3,137.25 2 0
ajb_gps/api-vehicle/controllers/handlers_speed.go:139.2,139.30 1 0
ajb_gps/api-vehicle/controllers/handlers_speed.go:139.30,141.3 1 0
ajb_gps/api-vehicle/controllers/handlers_speed.go:142.2,142.31 1 0
ajb_gps/api-vehicle/controllers/handlers_speed.go:142.31,144.3 1 0
ajb_gps/api-vehicle/controllers/handlers_speed.go:145.2,145.25 1 0
ajb_gps/api-vehicle/controllers/handlers_speed.go:145.25,147.3 1 0
ajb_gps/api-vehicle/controllers/handlers_speed.go:148.2,148.20 1 0
ajb_gps/api-vehicle/controllers/handlers_speed.go:148.20,151.3 2 0
ajb_gps/api-vehicle/controllers/handlers_speed.go:152.2,156.16 4 0
ajb_gps/api-vehicle/controllers/handlers_speed.go:156.16,160.3 3 0
ajb_gps/api-vehicle/controllers/handlers_speed.go:161.2,161.54 1 0
ajb_gps/api-vehicle/controllers/handlers_speed.go:161.54,164.3 2 0
ajb_gps/api-vehicle/controllers/handlers_speed.go:165.2,165.49 1 0
ajb_gps/api-vehicle/controllers/handlers_speed.go:169.48,171.9 2 0
ajb_gps/api-vehicle/controllers/handlers_speed.go:171.9,173.3 1 0
ajb_gps/api-vehicle/controllers/handlers_speed.go:174.2,174.30 1 0
ajb_gps/api-vehicle/controllers/handlers_speed.go:174.30,176.3 1 0
ajb_gps/api-vehicle/controllers/handlers_speed.go:177.2,178.16 2 0
ajb_gps/api-vehicle/controllers/handlers_speed.go:178.16,181.3 2 0
ajb_gps/api-vehicle/controllers/handlers_speed.go:182.2,182.81 1 0
ajb_gps/api-vehicle/controllers/handlers_speed.go:182.81,186.3 3 0
ajb_gps/api-vehicle/controllers/handlers_speed.go:187.2,187.49 1 0
ajb_gps/api-vehicle/controllers/handlers_vehicle.go:17.62,29.16 3 0
ajb_gps/api-vehicle/controllers/handlers_vehicle.go:29.16,31.3 1 0
ajb_gps/api-vehicle/controllers/handlers_vehicle.go:32.2,38.16 7 0
ajb_gps/api-vehicle/controllers/handlers_vehicle.go:42.42,45.16 3 0
ajb_gps/api-vehicle/controllers/handlers_vehicle.go:45.16,48.3 2 0
ajb_gps/api-vehicle/controllers/handlers_vehicle.go:50.2,52.17 3 0
ajb_gps/api-vehicle/controllers/handlers_vehicle.go:52.17,54.24 2 0
ajb_gps/api-vehicle/controllers/handlers_vehicle.go:54.24,58.4 2 0
ajb_gps/api-vehicle/controllers/handlers_vehicle.go:59.3,60.43 2 0
ajb_gps/api-vehicle/controllers/handlers_vehicle.go:62.2,62.37 1 0
ajb_gps/api-vehicle/controllers/handlers_vehicle.go:62.37,65.3 2 0
ajb_gps/api-vehicle/controllers/handlers_vehicle.go:67.2,68.96 2 0
ajb_gps/api-vehicle/controllers/handlers_vehicle.go:68.96,72.3 3 0
ajb_gps/api-vehicle/controllers/handlers_vehicle.go:74.2,77.16 2 0
ajb_gps/api-vehicle/controllers/handlers_vehicle.go:77.16,81.3 3 0
ajb_gps/api-vehicle/controllers/handlers_vehicle.go:82.2,85.18 3 0
ajb_gps/api-vehicle/controllers/handlers_vehicle.go:85.18,87.17 2 0
ajb_gps/api-vehicle/controllers/handlers_vehicle.go:87.17,91.4 3 0
ajb_gps/api-vehicle/controllers/handlers_vehicle.go:92.3,92.28 1 0
ajb_gps/api-vehicle/controllers/handlers_vehicle.go:94.2,94.35 1 0
ajb_gps/api-vehicle/controllers/handlers_vehicle.go:94.35,97.3 2 0
ajb_gps/api-vehicle/controllers/handlers_vehicle.go:98.2,99.66 1 0
ajb_gps/api-vehicle/controllers/handlers_vehicle.go:103.43,105.9 2 0
ajb_gps/api-vehicle/controllers/handlers_vehicle.go:105.9,107.3 1 0
ajb_gps/api-vehicle/controllers/handlers_vehicle.go:108.2,108.34 1 0
ajb_gps/api-vehicle/controllers/handlers_vehicle.go:108.34,110.3 1 0
ajb_gps/api-vehicle/controllers/handlers_vehicle.go:111.2,112.16 2 0
ajb_gps/api-vehicle/controllers/handlers_vehicle.go:112.16,115.3 2 0
ajb_gps/api-vehicle/controllers/handlers_vehicle.go:116.2,117.16 2 0
ajb_gps/api-vehicle/controllers/handlers_vehicle.go:117.16,121.3 3 0
ajb_gps/api-vehicle/controllers/handlers_vehicle.go:122.2,123.18 2 0
ajb_gps/api-vehicle/controllers/handlers_vehicle.go:123.18,126.3 2 0
ajb_gps/api-vehicle/controllers/handlers_vehicle.go:127.2,128.16 2 0
ajb_gps/api-vehicle/controllers/handlers_vehicle.go:128.16,131.3 2 0
ajb_gps/api-vehicle/controllers/handlers_vehicle.go:132.2,132.38 1 0
ajb_gps/api-vehicle/controllers/handlers_vehicle_create.go:14.44,15.30 1 0
ajb_gps/api-vehicle/controllers/handlers_vehicle_create.go:15.30,17.3 1 0
ajb_gps/api-vehicle/controllers/handlers_vehicle_create.go:18.2,19.47 2 0
ajb_gps/api-vehicle/controllers/handlers_vehicle_create.go:19.47,22.3 2 0
ajb_gps/api-vehicle/controllers/handlers_vehicle_create.go:23.2,24.16 2 0
ajb_gps/api-vehicle/controllers/handlers_vehicle_create.go:24.16,27.3 2 0
ajb_gps/api-vehicle/controllers/handlers_vehicle_create.go:28.2,42.16 3 0
ajb_gps/api-vehicle/controllers/handlers_vehicle_create.go:42.16,44.26 2 0
ajb_gps/api-vehicle/controllers/handlers_vehicle_create.go:44.26,47.4 2 0
ajb_gps/api-vehicle/controllers/handlers_vehicle_create.go:48.3,49.9 2 0
ajb_gps/api-vehicle/controllers/handlers_vehicle_create.go:51.2,60.16 2 0
ajb_gps/api-vehicle/controllers/handlers_vehicle_create.go:60.16,63.3 1 0
ajb_gps/api-vehicle/controllers/handlers_vehicle_create.go:65.2,66.75 2 0
ajb_gps/api-vehicle/controllers/handlers_vehicle_users.go:12.46,14.9 2 0
ajb_gps/api-vehicle/controllers/handlers_vehicle_users.go:14.9,16.3 1 0
ajb_gps/api-vehicle/controllers/handlers_vehicle_users.go:17.2,17.34 1 0
ajb_gps/api-vehicle/controllers/handlers_vehicle_users.go:17.34,19.3 1 0
ajb_gps/api-vehicle/controllers/handlers_vehicle_users.go:20.2,21.16 2 0
ajb_gps/api-vehicle/controllers/handlers_vehicle_users.go:21.16,24.3 2 0
ajb_gps/api-vehicle/controllers/handlers_vehicle_users.go:25.2,29.16 2 0
ajb_gps/api-vehicle/controllers/handlers_vehicle_users.go:29.16,33.3 3 0
ajb_gps/api-vehicle/controllers/handlers_vehicle_users.go:34.2,42.18 4 0
ajb_gps/api-vehicle/controllers/handlers_vehicle_users.go:42.18,46.58 4 0
ajb_gps/api-vehicle/controllers/handlers_vehicle_users.go:46.58,50.4 3 0
ajb_gps/api-vehicle/controllers/handlers_vehicle_users.go:52.2,52.39 1 0
ajb_gps/api-vehicle/controllers/handlers_vehicle_users.go:56.47,58.9 2 0
ajb_gps/api-vehicle/controllers/handlers_vehicle_users.go:58.9,60.3 1 0
ajb_gps/api-vehicle/controllers/handlers_vehicle_users.go:61.2,61.17 1 0
ajb_gps/api-vehicle/controllers/handlers_vehicle_users.go:61.17,65.3 3 0
ajb_gps/api-vehicle/controllers/handlers_vehicle_users.go:66.2,69.66 2 0
ajb_gps/api-vehicle/controllers/handlers_vehicle_users.go:69.66,72.3 2 0
ajb_gps/api-vehicle/controllers/handlers_vehicle_users.go:73.2,74.16 2 0
ajb_gps/api-vehicle/controllers/handlers_vehicle_users.go:74.16,77.3 2 0
ajb_gps/api-vehicle/controllers/handlers_vehicle_users.go:79.2,80.136 2 0
ajb_gps/api-vehicle/controllers/handlers_vehicle_users.go:80.136,83.3 2 0
ajb_gps/api-vehicle/controllers/handlers_vehicle_users.go:84.2,84.156 1 0
ajb_gps/api-vehicle/controllers/handlers_vehicle_users.go:84.156,87.3 2 0
ajb_gps/api-vehicle/controllers/handlers_vehicle_users.go:89.2,89.123 1 0
ajb_gps/api-vehicle/controllers/handlers_vehicle_users.go:89.123,93.3 3 0
ajb_gps/api-vehicle/controllers/handlers_vehicle_users.go:94.2,94.85 1 0
ajb_gps/api-vehicle/controllers/handlers_vehicle_users.go:98.49,100.9 2 0
ajb_gps/api-vehicle/controllers/handlers_vehicle_users.go:100.9,102.3 1 0
ajb_gps/api-vehicle/controllers/handlers_vehicle_users.go:103.2,104.16 2 0
ajb_gps/api-vehicle/controllers/handlers_vehicle_users.go:104.16,107.3 2 0
ajb_gps/api-vehicle/controllers/handlers_vehicle_users.go:108.2,108.17 1 0
ajb_gps/api-vehicle/controllers/handlers_vehicle_users.go:108.17,112.3 3 0
ajb_gps/api-vehicle/controllers/handlers_vehicle_users.go:113.2,114.16 2 0
ajb_gps/api-vehicle/controllers/handlers_vehicle_users.go:114.16,117.3 2 0
ajb_gps/api-vehicle/controllers/handlers_vehicle_users.go:118.2,118.113 1 0
ajb_gps/api-vehicle/controllers/handlers_vehicle_users.go:118.113,122.3 3 0
ajb_gps/api-vehicle/controllers/handlers_vehicle_users.go:123.2,123.76 1 0
ajb_gps/api-vehicle/controllers/handlers_vehicle_write.go:12.44,14.9 2 0
ajb_gps/api-vehicle/controllers/handlers_vehicle_write.go:14.9,16.3 1 0
ajb_gps/api-vehicle/controllers/handlers_vehicle_write.go:17.2,17.17 1 0
ajb_gps/api-vehicle/controllers/handlers_vehicle_write.go:17.17,21.3 3 0
ajb_gps/api-vehicle/controllers/handlers_vehicle_write.go:22.2,35.47 2 0
ajb_gps/api-vehicle/controllers/handlers_vehicle_write.go:35.47,38.3 2 0
ajb_gps/api-vehicle/controllers/handlers_vehicle_write.go:39.2,40.16 2 0
ajb_gps/api-vehicle/controllers/handlers_vehicle_write.go:40.16,43.3 2 0
ajb_gps/api-vehicle/controllers/handlers_vehicle_write.go:45.2,47.43 3 0
ajb_gps/api-vehicle/controllers/handlers_vehicle_write.go:47.43,48.20 1 0
ajb_gps/api-vehicle/controllers/handlers_vehicle_write.go:48.20,50.4 1 0
ajb_gps/api-vehicle/controllers/handlers_vehicle_write.go:51.3,52.25 2 0
ajb_gps/api-vehicle/controllers/handlers_vehicle_write.go:54.2,54.28 1 0
ajb_gps/api-vehicle/controllers/handlers_vehicle_write.go:54.28,56.3 1 0
ajb_gps/api-vehicle/controllers/handlers_vehicle_write.go:57.2,57.21 1 0
ajb_gps/api-vehicle/controllers/handlers_vehicle_write.go:57.21,59.3 1 0
ajb_gps/api-vehicle/controllers/handlers_vehicle_write.go:60.2,60.22 1 0
ajb_gps/api-vehicle/controllers/handlers_vehicle_write.go:60.22,62.3 1 0
ajb_gps/api-vehicle/controllers/handlers_vehicle_write.go:63.2,63.22 1 0
ajb_gps/api-vehicle/controllers/handlers_vehicle_write.go:63.22,65.3 1 0
ajb_gps/api-vehicle/controllers/handlers_vehicle_write.go:66.2,66.25 1 0
ajb_gps/api-vehicle/controllers/handlers_vehicle_write.go:66.25,68.3 1 0
ajb_gps/api-vehicle/controllers/handlers_vehicle_write.go:69.2,69.28 1 0
ajb_gps/api-vehicle/controllers/handlers_vehicle_write.go:69.28,71.3 1 0
ajb_gps/api-vehicle/controllers/handlers_vehicle_write.go:72.2,72.28 1 0
ajb_gps/api-vehicle/controllers/handlers_vehicle_write.go:72.28,74.3 1 0
ajb_gps/api-vehicle/controllers/handlers_vehicle_write.go:75.2,75.26 1 0
ajb_gps/api-vehicle/controllers/handlers_vehicle_write.go:75.26,77.3 1 0
ajb_gps/api-vehicle/controllers/handlers_vehicle_write.go:78.2,78.22 1 0
ajb_gps/api-vehicle/controllers/handlers_vehicle_write.go:78.22,80.3 1 0
ajb_gps/api-vehicle/controllers/handlers_vehicle_write.go:81.2,81.23 1 0
ajb_gps/api-vehicle/controllers/handlers_vehicle_write.go:81.23,82.22 1 0
ajb_gps/api-vehicle/controllers/handlers_vehicle_write.go:83.44,84.32 1 0
ajb_gps/api-vehicle/controllers/handlers_vehicle_write.go:85.11,87.10 2 0
ajb_gps/api-vehicle/controllers/handlers_vehicle_write.go:90.2,90.29 1 0
ajb_gps/api-vehicle/controllers/handlers_vehicle_write.go:90.29,92.3 1 0
ajb_gps/api-vehicle/controllers/handlers_vehicle_write.go:93.2,93.20 1 0
ajb_gps/api-vehicle/controllers/handlers_vehicle_write.go:93.20,96.3 2 0
ajb_gps/api-vehicle/controllers/handlers_vehicle_write.go:97.2,101.16 4 0
ajb_gps/api-vehicle/controllers/handlers_vehicle_write.go:101.16,105.3 3 0
ajb_gps/api-vehicle/controllers/handlers_vehicle_write.go:106.2,106.54 1 0
ajb_gps/api-vehicle/controllers/handlers_vehicle_write.go:106.54,109.3 2 0
ajb_gps/api-vehicle/controllers/handlers_vehicle_write.go:110.2,110.49 1 0
ajb_gps/api-vehicle/controllers/handlers_vehicle_write.go:115.44,117.9 2 0
ajb_gps/api-vehicle/controllers/handlers_vehicle_write.go:117.9,119.3 1 0
ajb_gps/api-vehicle/controllers/handlers_vehicle_write.go:120.2,120.17 1 0
ajb_gps/api-vehicle/controllers/handlers_vehicle_write.go:120.17,124.3 3 0
ajb_gps/api-vehicle/controllers/handlers_vehicle_write.go:125.2,126.16 2 0
ajb_gps/api-vehicle/controllers/handlers_vehicle_write.go:126.16,129.3 2 0
ajb_gps/api-vehicle/controllers/handlers_vehicle_write.go:130.2,134.16 4 0
ajb_gps/api-vehicle/controllers/handlers_vehicle_write.go:134.16,135.27 1 0
ajb_gps/api-vehicle/controllers/handlers_vehicle_write.go:135.27,138.4 2 0
ajb_gps/api-vehicle/controllers/handlers_vehicle_write.go:139.3,140.9 2 0
ajb_gps/api-vehicle/controllers/handlers_vehicle_write.go:143.2,143.113 1 0
ajb_gps/api-vehicle/controllers/handlers_vehicle_write.go:143.113,147.3 3 0
ajb_gps/api-vehicle/controllers/handlers_vehicle_write.go:148.2,148.16 1 0
ajb_gps/api-vehicle/controllers/handlers_vehicle_write.go:148.16,149.97 1 0
ajb_gps/api-vehicle/controllers/handlers_vehicle_write.go:149.97,151.4 1 0
ajb_gps/api-vehicle/controllers/handlers_vehicle_write.go:153.2,154.49 2 0
ajb_gps/api-vehicle/controllers/helpers_params.go:13.50,15.16 2 1
ajb_gps/api-vehicle/controllers/helpers_params.go:15.16,18.3 2 1
ajb_gps/api-vehicle/controllers/helpers_params.go:19.2,19.17 1 1
ajb_gps/api-vehicle/controllers/helpers_params.go:23.45,24.13 1 1
ajb_gps/api-vehicle/controllers/helpers_params.go:24.13,26.3 1 1
ajb_gps/api-vehicle/controllers/helpers_params.go:27.2,28.30 2 1
ajb_gps/api-vehicle/controllers/helpers_params.go:28.30,29.31 1 1
ajb_gps/api-vehicle/controllers/helpers_params.go:29.31,31.4 1 1
ajb_gps/api-vehicle/controllers/helpers_params.go:32.3,32.30 1 1
ajb_gps/api-vehicle/controllers/helpers_params.go:34.2,34.15 1 1
ajb_gps/api-vehicle/controllers/helpers_params.go:38.37,40.2 1 1
ajb_gps/api-vehicle/controllers/helpers_params.go:42.35,43.40 1 1
ajb_gps/api-vehicle/controllers/helpers_params.go:43.40,44.29 1 1
ajb_gps/api-vehicle/controllers/helpers_params.go:44.29,46.4 1 1
ajb_gps/api-vehicle/controllers/helpers_params.go:48.2,48.14 1 1
ajb_gps/api-vehicle/controllers/helpers_params.go:52.37,53.14 1 1
ajb_gps/api-vehicle/controllers/helpers_params.go:53.14,55.3 1 1
ajb_gps/api-vehicle/controllers/helpers_params.go:56.2,56.41 1 1
ajb_gps/api-vehicle/controllers/middleware.go:20.39,21.30 1 0
ajb_gps/api-vehicle/controllers/middleware.go:21.30,23.28 2 0
ajb_gps/api-vehicle/controllers/middleware.go:23.28,26.4 2 0
ajb_gps/api-vehicle/controllers/middleware.go:26.9,26.84 1 0
ajb_gps/api-vehicle/controllers/middleware.go:26.84,28.4 1 0
ajb_gps/api-vehicle/controllers/middleware.go:29.3,29.45 1 0
ajb_gps/api-vehicle/controllers/middleware.go:29.45,35.4 5 0
ajb_gps/api-vehicle/controllers/middleware.go:36.3,36.11 1 0
ajb_gps/api-vehicle/controllers/middleware.go:41.40,42.55 1 0
ajb_gps/api-vehicle/controllers/middleware.go:42.55,44.3 1 0
ajb_gps/api-vehicle/controllers/middleware.go:45.2,45.44 1 0
ajb_gps/api-vehicle/controllers/middleware.go:45.44,46.18 1 0
ajb_gps/api-vehicle/controllers/middleware.go:46.18,48.4 1 0
ajb_gps/api-vehicle/controllers/middleware.go:50.2,50.42 1 0
ajb_gps/api-vehicle/controllers/middleware.go:54.46,55.30 1 0
ajb_gps/api-vehicle/controllers/middleware.go:55.30,60.21 5 0
ajb_gps/api-vehicle/controllers/middleware.go:60.21,62.4 1 0
ajb_gps/api-vehicle/controllers/middleware.go:63.3,65.40 2 0
ajb_gps/api-vehicle/controllers/middleware.go:81.49,83.2 1 0
ajb_gps/api-vehicle/controllers/middleware.go:85.49,90.50 5 0
ajb_gps/api-vehicle/controllers/middleware.go:90.50,93.3 2 0
ajb_gps/api-vehicle/controllers/middleware.go:94.2,94.22 1 0
ajb_gps/api-vehicle/controllers/middleware.go:94.22,96.3 1 0
ajb_gps/api-vehicle/controllers/middleware.go:97.2,98.13 2 0
ajb_gps/api-vehicle/controllers/middleware.go:103.47,104.30 1 0
ajb_gps/api-vehicle/controllers/middleware.go:104.30,106.35 2 0
ajb_gps/api-vehicle/controllers/middleware.go:106.35,108.4 1 0
ajb_gps/api-vehicle/controllers/middleware.go:109.3,109.29 1 0
ajb_gps/api-vehicle/controllers/middleware.go:109.29,114.4 4 0
ajb_gps/api-vehicle/controllers/middleware.go:115.3,115.11 1 0
ajb_gps/api-vehicle/controllers/rbac.go:36.36,38.2 1 1
ajb_gps/api-vehicle/controllers/rbac.go:41.38,44.2 2 1
ajb_gps/api-vehicle/controllers/rbac.go:50.60,56.50 1 0
ajb_gps/api-vehicle/controllers/rbac.go:56.50,58.3 1 0
ajb_gps/api-vehicle/controllers/rbac.go:60.2,61.16 2 0
ajb_gps/api-vehicle/controllers/rbac.go:61.16,63.3 1 0
ajb_gps/api-vehicle/controllers/rbac.go:64.2,65.16 2 0
ajb_gps/api-vehicle/controllers/rbac.go:65.16,67.3 1 0
ajb_gps/api-vehicle/controllers/rbac.go:68.2,68.15 1 0
ajb_gps/api-vehicle/controllers/rbac.go:68.15,70.3 1 0
ajb_gps/api-vehicle/controllers/rbac.go:71.2,76.12 5 0
ajb_gps/api-vehicle/controllers/rbac.go:76.12,78.17 2 0
ajb_gps/api-vehicle/controllers/rbac.go:78.17,80.4 1 0
ajb_gps/api-vehicle/controllers/rbac.go:81.3,81.26 1 0
ajb_gps/api-vehicle/controllers/rbac.go:81.26,83.4 1 0
ajb_gps/api-vehicle/controllers/rbac.go:85.2,85.49 1 0
ajb_gps/api-vehicle/controllers/rbac.go:90.61,96.22 2 0
ajb_gps/api-vehicle/controllers/rbac.go:96.22,97.70 1 0
ajb_gps/api-vehicle/controllers/rbac.go:97.70,99.4 1 0
ajb_gps/api-vehicle/controllers/rbac.go:99.9,101.4 1 0
ajb_gps/api-vehicle/controllers/rbac.go:102.8,104.3 1 0
ajb_gps/api-vehicle/controllers/rbac.go:106.2,117.4 5 0
ajb_gps/api-vehicle/controllers/rbac.go:121.36,122.30 1 0
ajb_gps/api-vehicle/controllers/rbac.go:122.30,124.21 2 0
ajb_gps/api-vehicle/controllers/rbac.go:124.21,128.4 3 0
ajb_gps/api-vehicle/controllers/rbac.go:129.3,130.17 2 0
ajb_gps/api-vehicle/controllers/rbac.go:130.17,135.4 4 0
ajb_gps/api-vehicle/controllers/rbac.go:138.3,138.71 1 0
ajb_gps/api-vehicle/controllers/rbac.go:138.71,140.19 2 0
ajb_gps/api-vehicle/controllers/rbac.go:140.19,145.5 4 0
ajb_gps/api-vehicle/controllers/rbac.go:146.4,146.14 1 0
ajb_gps/api-vehicle/controllers/rbac.go:146.14,151.5 4 0
ajb_gps/api-vehicle/controllers/rbac.go:154.3,157.17 4 0
ajb_gps/api-vehicle/controllers/rbac.go:157.17,158.49 1 0
ajb_gps/api-vehicle/controllers/rbac.go:158.49,172.5 4 0
ajb_gps/api-vehicle/controllers/rbac.go:172.10,175.5 2 0
ajb_gps/api-vehicle/controllers/rbac.go:176.4,177.10 2 0
ajb_gps/api-vehicle/controllers/rbac.go:182.3,182.51 1 0
ajb_gps/api-vehicle/controllers/rbac.go:182.51,187.4 4 0
ajb_gps/api-vehicle/controllers/rbac.go:189.3,190.11 2 0
ajb_gps/api-vehicle/controllers/rbac_helpers.go:19.59,21.9 2 1
ajb_gps/api-vehicle/controllers/rbac_helpers.go:21.9,23.3 1 1
ajb_gps/api-vehicle/controllers/rbac_helpers.go:24.2,25.14 2 1
ajb_gps/api-vehicle/controllers/rbac_helpers.go:29.35,31.9 2 1
ajb_gps/api-vehicle/controllers/rbac_helpers.go:31.9,33.3 1 1
ajb_gps/api-vehicle/controllers/rbac_helpers.go:34.2,35.14 2 1
ajb_gps/api-vehicle/controllers/rbac_helpers.go:39.63,43.2 3 1
ajb_gps/api-vehicle/controllers/rbac_helpers.go:46.62,47.16 1 1
ajb_gps/api-vehicle/controllers/rbac_helpers.go:47.16,49.3 1 1
ajb_gps/api-vehicle/controllers/rbac_helpers.go:50.2,51.23 2 1
ajb_gps/api-vehicle/controllers/rbac_helpers.go:51.23,54.3 2 1
ajb_gps/api-vehicle/controllers/rbac_helpers.go:55.2,56.10 2 1
ajb_gps/api-vehicle/controllers/rbac_helpers.go:56.10,58.3 1 1
ajb_gps/api-vehicle/controllers/rbac_helpers.go:59.2,59.12 1 1
ajb_gps/api-vehicle/controllers/rbac_helpers.go:63.66,64.36 1 1
ajb_gps/api-vehicle/controllers/rbac_helpers.go:64.36,66.3 1 1
ajb_gps/api-vehicle/controllers/rbac_helpers.go:67.2,69.14 3 1
ajb_gps/api-vehicle/controllers/rbac_helpers.go:73.56,75.8 2 1
ajb_gps/api-vehicle/controllers/rbac_helpers.go:75.8,77.27 2 1
ajb_gps/api-vehicle/controllers/rbac_helpers.go:77.27,78.34 1 1
ajb_gps/api-vehicle/controllers/rbac_helpers.go:78.34,80.5 1 1
ajb_gps/api-vehicle/controllers/rbac_helpers.go:83.2,86.14 4 1
ajb_gps/api-vehicle/controllers/rbac_helpers.go:90.49,91.16 1 1
ajb_gps/api-vehicle/controllers/rbac_helpers.go:91.16,93.3 1 1
ajb_gps/api-vehicle/controllers/rbac_helpers.go:94.2,96.25 3 1
ajb_gps/api-vehicle/controllers/rbac_helpers.go:96.25,98.3 1 1
ajb_gps/api-vehicle/controllers/rbac_helpers.go:99.2,102.14 4 1
ajb_gps/api-vehicle/controllers/rbac_helpers.go:106.43,108.9 2 1
ajb_gps/api-vehicle/controllers/rbac_helpers.go:108.9,110.3 1 1
ajb_gps/api-vehicle/controllers/rbac_helpers.go:111.2,112.13 2 1
ajb_gps/api-vehicle/controllers/rbac_helpers.go:116.62,128.2 3 1
ajb_gps/api-vehicle/controllers/router.go:10.33,37.2 18 0
ajb_gps/api-vehicle/controllers/router.go:37.2,90.3 38 0
ajb_gps/api-vehicle/controllers/router.go:92.2,92.10 1 0
ajb_gps/api-vehicle/controllers/router.go:96.28,98.2 1 0
ajb_gps/api-vehicle/controllers/security.go:11.50,12.30 1 0
ajb_gps/api-vehicle/controllers/security.go:12.30,15.3 2 0
